[38;2;147;161;161m[48;2;0;43;54mError: raw socket permission denied: operation not permitted                                        [0m
[38;2;147;161;161m[48;2;0;43;54m                                                                                                    [0m
[38;2;147;161;161m[48;2;0;43;54mThis tool requires raw socket permissions.                                                          [0m
[38;2;147;161;161m[48;2;0;43;54m                                                                                                    [0m
[38;2;147;161;161m[48;2;0;43;54mOptions:                                                                                            [0m
[38;2;147;161;161m[48;2;0;43;54m  1. Run with sudo:  sudo via <target>                                                              [0m
[38;2;147;161;161m[48;2;0;43;54m  2. Set capability: sudo setcap cap_net_raw+ep $(which via)                                        [0m
[38;2;147;161;161m[48;2;0;43;54m                                                                                                    [0m
[38;2;147;161;161m[48;2;0;43;54mPress q to quit.                                                                                    [0m
[38;2;147;161;161m[48;2;0;43;54m                                                                                                    [0m
[38;2;147;161;161m[48;2;0;43;54m                                                                                                    [0m
[38;2;147;161;161m[48;2;0;43;54m                                                                                                    [0m
[38;2;147;161;161m[48;2;0;43;54m                                                                                                    [0m
[38;2;147;161;161m[48;2;0;43;54m                                                                                                    [0m
[38;2;147;161;161m[48;2;0;43;54m                                                                                                    [0m
[38;2;147;161;161m[48;2;0;43;54m                                                                                                    [0m
[38;2;147;161;161m[48;2;0;43;54m                                                                                                    [0m
[38;2;147;161;161m[48;2;0;43;54m                                                                                                    [0m
[38;2;147;161;161m[48;2;0;43;54m                                                                                                    [0m
[38;2;147;161;161m[48;2;0;43;54m                                                                                                    [0m
[38;2;147;161;161m[48;2;0;43;54m                                                                                                    [0m
[38;2;147;161;161m[48;2;0;43;54m                                                                                                    [0m
[38;2;147;161;161m[48;2;0;43;54m                                                                                                    [0m
[38;2;147;161;161m[48;2;0;43;54m                                                                                                    [0m
