via — example.com (192.0.2.1) — UDP/ECMP — 6 flows
#   IP              Hostname               ASN                  Loss%    Snt   Avg     Best    Wrst    StDev   Last    Flows    Stab 
1   192.0.2.1                                                   0.0%     0     5.0     5.0     5.0     0.0     5.0     1        0%   
2   198.51.100.5                                                0.0%     0     10.0    10.0    10.0    0.0     10.0    1        0%   
3   203.0.113.10                                                0.0%     0     20.0    20.0    20.0    0.0     20.0    1        0%   
4   203.0.113.20                                                0.0%     0     25.0    25.0    25.0    0.0     25.0    1        0%   
