[38;2;131;148;150m[48;2;7;54;66mvia 0.0.0-test   Target: example.com (192.0.2.1)    Proto: UDP/ECMP    Probes: 0    View: Latency                       [0m
[38;2;131;148;150m[48;2;7;54;66m────────────────────────────────────────────────────────────────────────────────────────────────────────────────────────[0m
[38;2;147;161;161m[48;2;0;43;54m#        IP              Hostname        Loss%    Avg     Best    Wrst    Last    Delta   GMean   Spark                 [0m
[38;2;147;161;161m[48;2;0;43;54m1        192.0.2.1       ...             0.0%     5.0     5.0     5.0     5.0     +5.0    5.0                           [0m
[38;2;147;161;161m[48;2;0;43;54m2        198.51.100.5    ...             0.0%     10.0    10.0    10.0    10.0    +5.0    10.0                          [0m
[38;2;147;161;161m[48;2;0;43;54m3        203.0.113.10    ...             0.0%     20.0    20.0    20.0    20.0    +10.0   20.0                          [0m
[38;2;147;161;161m[48;2;0;43;54m4        203.0.113.20    ...             0.0%     25.0    25.0    25.0    25.0    +5.0    25.0                          [0m
[38;2;147;161;161m[48;2;0;43;54m                                                                                                                        [0m
[38;2;147;161;161m[48;2;0;43;54m                                                                                                                        [0m
[38;2;147;161;161m[48;2;0;43;54m                                                                                                                        [0m
[38;2;147;161;161m[48;2;0;43;54m                                                                                                                        [0m
[38;2;147;161;161m[48;2;0;43;54m                                                                                                                        [0m
[38;2;147;161;161m[48;2;0;43;54m                                                                                                                        [0m
[38;2;147;161;161m[48;2;0;43;54m                                                                                                                        [0m
[38;2;147;161;161m[48;2;0;43;54m                                                                                                                        [0m
[38;2;147;161;161m[48;2;0;43;54m                                                                                                                        [0m
[38;2;147;161;161m[48;2;0;43;54m                                                                                                                        [0m
[38;2;147;161;161m[48;2;0;43;54m                                                                                                                        [0m
[38;2;147;161;161m[48;2;0;43;54m                                                                                                                        [0m
[38;2;147;161;161m[48;2;0;43;54m                                                                                                                        [0m
[38;2;147;161;161m[48;2;0;43;54m                                                                                                                        [0m
[38;2;147;161;161m[48;2;0;43;54m                                                                                                                        [0m
[38;2;147;161;161m[48;2;0;43;54m                                                                                                                        [0m
[38;2;131;148;150m[48;2;7;54;66mTracing... 4 hops    Elapsed: 0s    DNS: off    6 flows    j/k:scroll p:pause r:reset [d] Variability q:quit            [0m