                                                                                                                        
                                                                                                                        
                                                                                                                        
                                                                                                                        
                                                                                                                        
                                                                                                                        
                                                                                                                        
                                                                                                                        
                                                                                                                        
                                  [;m╭──────────────────────────────────────────────────╮[0m                                  
                                  [;m│[0m Display & Enrichment                             [;m│[0m                                  
                                  [;m│[0m ──────────────────────────────────────────────   [;m│[0m                                  
                                  [;m│[0m ► Display Mode                     [default]     [;m│[0m                                  
                                  [;m│[0m   DNS Lookups                             [on]   [;m│[0m                                  
                                  [;m│[0m   ASN Lookups                             [on]   [;m│[0m                                  
                                  [;m│[0m   Ping Supplement                         [on]   [;m│[0m                                  
                                  [;m│[0m   Back                                           [;m│[0m                                  
                                  [;m│[0m                                                  [;m│[0m                                  
                                  [;m│[0m ↑↓ navigate • Enter/Space toggle • Esc back      [;m│[0m                                  
                                  [;m╰──────────────────────────────────────────────────╯[0m                                  
                                                                                                                        
                                                                                                                        
                                                                                                                        
                                                                                                                        
                                                                                                                        
                                                                                                                        
                                                                                                                        
                                                                                                                        
                                                                                                                        
                                                                                                                        