                                                                                                                        
                                                                                                                        
                                                                                                                        
                                                                                                                        
                                                                                                                        
                                                                                                                        
                                                                                                                        
                                                                                                                        
                                                                                                                        
                                  [;m╭──────────────────────────────────────────────────╮[0m                                  
                                  [;m│[0m Probe Settings                                   [;m│[0m                                  
                                  [;m│[0m ──────────────────────────────────────────────   [;m│[0m                                  
                                  [;m│[0m ► Protocol                             [udp]     [;m│[0m                                  
                                  [;m│[0m   IP family                             [auto]   [;m│[0m                                  
                                  [;m│[0m   Max Hops                                  30   [;m│[0m                                  
                                  [;m│[0m   Interval                                  1s   [;m│[0m                                  
                                  [;m│[0m   ECMP Paths                                 6   [;m│[0m                                  
                                  [;m│[0m   Back                                           [;m│[0m                                  
                                  [;m│[0m                                                  [;m│[0m                                  
                                  [;m│[0m ↑↓ navigate • Enter edit • Esc back              [;m│[0m                                  
                                  [;m╰──────────────────────────────────────────────────╯[0m                                  
                                                                                                                        
                                                                                                                        
                                                                                                                        
                                                                                                                        
                                                                                                                        
                                                                                                                        
                                                                                                                        
                                                                                                                        
                                                                                                                        