                                                                                                                        
                                                                                                                        
                                                                                                                        
                                                                                                                        
                                                                                                                        
                                                                                                                        
                                                                                                                        
                                                                                                                        
                                  [;m╭──────────────────────────────────────────────────╮[0m                                  
                                  [;m│[0m Settings                                         [;m│[0m                                  
                                  [;m│[0m ──────────────────────────────────────────────   [;m│[0m                                  
                                  [;m│[0m ► Theme                       Solarized Dark     [;m│[0m                                  
                                  [;m│[0m   Probe Settings                           ›     [;m│[0m                                  
                                  [;m│[0m   Display & Enrichment                     ›     [;m│[0m                                  
                                  [;m│[0m   Alerting                                 ›     [;m│[0m                                  
                                  [;m│[0m ──────────────────────────────────────────────   [;m│[0m                                  
                                  [;m│[0m   Save & Exit                                    [;m│[0m                                  
                                  [;m│[0m   Cancel                                         [;m│[0m                                  
                                  [;m│[0m                                                  [;m│[0m                                  
                                  [;m│[0m ↑↓ navigate • Enter select • Esc close           [;m│[0m                                  
                                  [;m╰──────────────────────────────────────────────────╯[0m                                  
                                                                                                                        
                                                                                                                        
                                                                                                                        
                                                                                                                        
                                                                                                                        
                                                                                                                        
                                                                                                                        
                                                                                                                        
                                                                                                                        