                                                                                                                        
                                                                                                                        
                                                                                                                        
                                                                                                                        
                                                                                                                        
                                                                                                                        
                                                                                                                        
                                                                                                                        
                                                                                                                        
                                  [;m╭──────────────────────────────────────────────────╮[0m                                  
                                  [;m│[0m Alerting                                         [;m│[0m                                  
                                  [;m│[0m ──────────────────────────────────────────────   [;m│[0m                                  
                                  [;m│[0m ► Alerting Enabled                      [on]     [;m│[0m                                  
                                  [;m│[0m   Loss Threshold                          5.0%   [;m│[0m                                  
                                  [;m│[0m   Latency Threshold                         0s   [;m│[0m                                  
                                  [;m│[0m   Alert Rounds                               3   [;m│[0m                                  
                                  [;m│[0m   Back                                           [;m│[0m                                  
                                  [;m│[0m                                                  [;m│[0m                                  
                                  [;m│[0m ↑↓ navigate • Enter edit • Esc back              [;m│[0m                                  
                                  [;m╰──────────────────────────────────────────────────╯[0m                                  
                                                                                                                        
                                                                                                                        
                                                                                                                        
                                                                                                                        
                                                                                                                        
                                                                                                                        
                                                                                                                        
                                                                                                                        
                                                                                                                        
                                                                                                                        