                                                                                                                        
                                                                                                                        
                                                                                                                        
                                                                                                                        
                                                                                                                        
                                  [;m╭──────────────────────────────────────────────────╮[0m                                  
                                  [;m│[0m Theme                                            [;m│[0m                                  
                                  [;m│[0m ──────────────────────────────────────────────   [;m│[0m                                  
                                  [;m│[0m ► Solarized Dark                                 [;m│[0m                                  
                                  [;m│[0m   Solarized Light                                [;m│[0m                                  
                                  [;m│[0m   Solarized Dark HC                              [;m│[0m                                  
                                  [;m│[0m   Solarized Osaka Night                          [;m│[0m                                  
                                  [;m│[0m   Solarized Darcula                              [;m│[0m                                  
                                  [;m│[0m   Catppuccin Mocha                               [;m│[0m                                  
                                  [;m│[0m   Catppuccin Macchiato                           [;m│[0m                                  
                                  [;m│[0m   Catppuccin Frappé                              [;m│[0m                                  
                                  [;m│[0m   Catppuccin Latte                               [;m│[0m                                  
                                  [;m│[0m   Gruvbox Dark                                   [;m│[0m                                  
                                  [;m│[0m   Gruvbox Light                                  [;m│[0m                                  
                                  [;m│[0m   Gruvbox Dark Hard                              [;m│[0m                                  
                                  [;m│[0m   … 61 themes total                              [;m│[0m                                  
                                  [;m│[0m                                                  [;m│[0m                                  
                                  [;m│[0m ↑↓ navigate • Enter confirm • Esc back           [;m│[0m                                  
                                  [;m╰──────────────────────────────────────────────────╯[0m                                  
                                                                                                                        
                                                                                                                        
                                                                                                                        
                                                                                                                        
                                                                                                                        
                                                                                                                        